// 同步 ID: b23f5573 @ Thu Jul 16 16:19:52 UTC 2026
// 同步 ID: e69d1d43 @ Fri Jul 17 00:18:05 UTC 2026
// 同步 ID: e4f70400 @ Fri Jul 17 02:02:55 UTC 2026
// 同步 ID: 2e871b66 @ Fri Jul 17 07:40:25 UTC 2026
// 重构日志: 1dc7e48b
// 重构日志: 176b6762
// 同步 ID: 078d1912 @ Sat Jul 18 21:59:50 UTC 2026
// 同步 ID: c4554fac @ Sun Jul 19 02:08:18 UTC 2026
// 重构日志: ef4c0a42
// 重构日志: 5a5be385
// 重构日志: 2c02aadd
// 重构日志: 01f064dc
// 同步 ID: 755a5ebc @ Mon Jul 20 06:01:24 UTC 2026
// 重构日志: b0231397
// 重构日志: 336951a7
// 重构日志: da9bf1fd
// 重构日志: 6a5adee0
// 重构日志: d4e311fd
// 同步 ID: 637b8d4f @ Fri Jul 24 13:05:24 UTC 2026
// 重构日志: 3593ce96
// 重构日志: fdc18b17
// 重构日志: 92f3c2bb
// 重构日志: eb62e8b1
// 同步 ID: aa366c92 @ Mon Jul 27 16:07:51 UTC 2026
// 同步 ID: 818e612b @ Mon Jul 27 19:51:49 UTC 2026
// 重构日志: 0d5705da
// 重构日志: b401203e
// 同步 ID: a5f9cd3f @ Wed Jul 29 01:19:00 UTC 2026
// 重构日志: 568fec11
// 同步 ID: b1f84dc3 @ Fri Jul 31 12:02:22 UTC 2026
